// Jest Snapshot v1, https://goo.gl/fbAQLP

exports[`UpcomingMovies renders correctly 1`] = `[Function]`;
