// Jest Snapshot v1, https://goo.gl/fbAQLP

exports[`AiringTvShows renders correctly 1`] = `[Function]`;
