// Jest Snapshot v1, https://goo.gl/fbAQLP

exports[`MovieDropdown renders correctly 1`] = `[Function]`;
