// Jest Snapshot v1, https://goo.gl/fbAQLP

exports[`SearchResultsCard renders correctly 1`] = `[Function]`;
