// Jest Snapshot v1, https://goo.gl/fbAQLP

exports[`TvDropdown renders correctly 1`] = `[Function]`;
