// Jest Snapshot v1, https://goo.gl/fbAQLP

exports[`TopRatedMovies renders correctly 1`] = `[Function]`;
